[{"dir":"fixtures/dir1/dir11","files":["10108158-0ca9-4570-b451-804777df1eef"]},{"dir":"fixtures/dir1","files":["10108158-0ca9-4570-b451-804777df1eef"]},{"dir":"fixtures","files":["10108158-0ca9-4570-b451-804777df1eef"]}]